<area shape="rect" href="wt.tags$classWt_1_1WObject.html" title="Wt::WObject" alt="" coords="7,139,100,168">
<area shape="rect" href="$classPopup.html" title="A JavaScript based popup window, encapsulating the Javascript functions alert(),..." alt="" coords="205,32,261,61">
<area shape="rect" href="$classSimpleChatServer.html" title="A simple chat server." alt="" coords="171,85,296,115">
<area shape="rect" href="wt.tags$classWt_1_1WAbstractItemModel.html" title="Wt::WAbstractItemModel" alt="" coords="151,139,316,168">
<area shape="rect" href="wt.tags$classWt_1_1WApplication.html" title="Wt::WApplication" alt="" coords="173,272,293,301">
<area shape="rect" href="wt.tags$classWt_1_1WWidget.html" title="Wt::WWidget" alt="" coords="185,565,281,595">
<area shape="rect" href="$classGitModel.html" title="A model that retrieves revision trees from a git repository." alt="" coords="415,5,487,35">
<area shape="rect" href="wt.tags$classWt_1_1WStandardItemModel.html" title="Wt::WStandardItemModel" alt="" coords="367,59,535,88">
<area shape="rect" href="$classFileModel.html" title="A specialized standard item model which report a specific drag and drop mime type..." alt="" coords="625,59,703,88">
<area shape="rect" href="$classChartsApplication.html" title="ChartsApplication" alt="" coords="389,112,512,141">
<area shape="rect" href="$classChatApplication.html" title="A chat demo application." alt="" coords="395,165,507,195">
<area shape="rect" href="$classGitViewApplication.html" title="A simple application to navigate a git repository." alt="" coords="385,219,516,248">
<area shape="rect" href="$classHelloApplication.html" title="HelloApplication" alt="" coords="393,272,508,301">
<area shape="rect" href="$classHome.html" title="Home" alt="" coords="423,325,479,355">
<area shape="rect" href="$classJavascriptExample.html" title="An example showing how to interact custom JavaScript with Wt stuff." alt="" coords="385,379,516,408">
<area shape="rect" href="$classPaintApplication.html" title="PaintApplication" alt="" coords="393,432,508,461">
<area shape="rect" href="$classTreeViewDragDrop.html" title="Main application class." alt="" coords="387,485,515,515">
<area shape="rect" href="$classJWtHome.html" title="JWtHome" alt="" coords="625,272,703,301">
<area shape="rect" href="$classWtHome.html" title="WtHome" alt="" coords="628,325,700,355">
<area shape="rect" href="wt.tags$classWt_1_1WCompositeWidget.html" title="Wt::WCompositeWidget" alt="" coords="372,565,529,595">
<area shape="rect" href="wt.tags$classWt_1_1WWebWidget.html" title="Wt::WWebWidget" alt="" coords="389,1872,512,1901">
<area shape="rect" href="$classComposer.html" title="An E&#45;mail composer widget." alt="" coords="624,379,704,408">
<area shape="rect" href="$classIconPair.html" title="An icon pair (identical to WIconPair)." alt="" coords="631,432,697,461">
<area shape="rect" href="$classTreeNode.html" title="Example implementation of a single tree list node." alt="" coords="627,485,701,515">
<area shape="rect" href="wt.tags$classWt_1_1WAbstractItemView.html" title="Wt::WAbstractItemView" alt="" coords="584,539,744,568">
<area shape="rect" href="wt.tags$classWt_1_1WDialog.html" title="Wt::WDialog" alt="" coords="617,592,711,621">
<area shape="rect" href="wt.tags$classWt_1_1WSuggestionPopup.html" title="Wt::WSuggestionPopup" alt="" coords="585,645,743,675">
<area shape="rect" href="wt.tags$classWt_1_1WTreeNode.html" title="Wt::WTreeNode" alt="" coords="608,699,720,728">
<area shape="rect" href="wt.tags$classWt_1_1WTreeTable.html" title="Wt::WTreeTable" alt="" coords="608,752,720,781">
<area shape="rect" href="wt.tags$classWt_1_1WTreeView.html" title="Wt::WTreeView" alt="" coords="813,539,923,568">
<area shape="rect" href="$classFolderView.html" title="A specialized treeview that supports a custom drop event." alt="" coords="1041,539,1127,568">
<area shape="rect" href="$classFileEditDialog.html" title="A dialog for editing a &#39;file&#39;." alt="" coords="817,592,919,621">
<area shape="rect" href="$classContactSuggestions.html" title="A suggestion popup suggesting contacts from an addressbook." alt="" coords="799,645,937,675">
<area shape="rect" href="wt.tags$classWt_1_1WTreeTableNode.html" title="Wt::WTreeTableNode" alt="" coords="796,699,940,728">
<area shape="rect" href="$classFileTreeTableNode.html" title="A single node in a file tree table." alt="" coords="1020,645,1148,675">
<area shape="rect" href="$classFileTreeTable.html" title="A tree table that displays a file tree." alt="" coords="819,752,917,781">
<area shape="rect" href="wt.tags$classWt_1_1WInteractWidget.html" title="Wt::WInteractWidget" alt="" coords="593,1872,735,1901">
<area shape="rect" href="wt.tags$classWt_1_1WViewWidget.html" title="Wt::WViewWidget" alt="" coords="601,2005,727,2035">
<area shape="rect" href="wt.tags$classWt_1_1WContainerWidget.html" title="Wt::WContainerWidget" alt="" coords="792,1259,944,1288">
<area shape="rect" href="wt.tags$classWt_1_1WFormWidget.html" title="Wt::WFormWidget" alt="" coords="804,1819,932,1848">
<area shape="rect" href="wt.tags$classWt_1_1WPaintedWidget.html" title="Wt::WPaintedWidget" alt="" coords="799,1872,937,1901">
<area shape="rect" href="wt.tags$classWt_1_1WTable.html" title="Wt::WTable" alt="" coords="824,1925,912,1955">
<area shape="rect" href="wt.tags$classWt_1_1WText.html" title="Wt::WText" alt="" coords="827,2032,909,2061">
<area shape="rect" href="$classAttachmentEdit.html" title="An edit field for an email attachment." alt="" coords="1028,699,1140,728">
<area shape="rect" href="$classCategoryExample.html" title="A Widget that demonstrates a category chart." alt="" coords="1023,752,1145,781">
<area shape="rect" href="$classChartConfig.html" title="A class that allows configuration of a cartesian chart." alt="" coords="1040,805,1128,835">
<area shape="rect" href="$classChartsExample.html" title="A widget that demonstrates various aspects of the charting lib." alt="" coords="1029,859,1139,888">
<area shape="rect" href="$classDeferredWidget.html" title="DeferredWidget\&lt; Function \&gt;" alt="" coords="992,912,1176,941">
<area shape="rect" href="$classDemoTreeList.html" title="A demonstration of the treelist." alt="" coords="1033,965,1135,995">
<area shape="rect" href="$classDiv.html" title="Div" alt="" coords="1064,1019,1104,1048">
<area shape="rect" href="$classDragExample.html" title="Class demonstrating drag and drop in Wt." alt="" coords="1035,1072,1133,1101">
<area shape="rect" href="$classExampleSourceViewer.html" title="A simple widget to visualise a set of example source files." alt="" coords="1008,1125,1160,1155">
<area shape="rect" href="$classFormExample.html" title="Main widget for the Form example." alt="" coords="1033,1179,1135,1208">
<area shape="rect" href="$classHangmanWidget.html" title="HangmanWidget" alt="" coords="1027,1232,1141,1261">
<area shape="rect" href="$classHighScoresWidget.html" title="HighScoresWidget" alt="" coords="1020,1285,1148,1315">
<area shape="rect" href="$classLoginWidget.html" title="LoginWidget" alt="" coords="1039,1339,1129,1368">
<area shape="rect" href="$classOption.html" title="A clickable option." alt="" coords="1055,1392,1113,1421">
<area shape="rect" href="$classOptionList.html" title="A list of options, separated by &#39;|&#39;." alt="" coords="1044,1445,1124,1475">
<area shape="rect" href="$classPaintExample.html" title="PaintExample" alt="" coords="1033,1499,1135,1528">
<area shape="rect" href="$classPanelList.html" title="PanelList" alt="" coords="1047,1552,1121,1581">
<area shape="rect" href="$classPieExample.html" title="A Widget that demonstrates a Pie chart." alt="" coords="1039,1605,1129,1635">
<area shape="rect" href="$classScatterPlotExample.html" title="A Widget that demonstrates a scatter plot." alt="" coords="1016,1659,1152,1688">
<area shape="rect" href="$classSimpleChatWidget.html" title="A self&#45;contained chat widget." alt="" coords="1020,1712,1148,1741">
<area shape="rect" href="$classTimeSeriesExample.html" title="A widget that demonstrates a times series chart." alt="" coords="1015,1765,1153,1795">
<area shape="rect" href="wt.tags$classWt_1_1WTextArea.html" title="Wt::WTextArea" alt="" coords="1029,1819,1139,1848">
<area shape="rect" href="$classAddresseeEdit.html" title="An edit field for an email addressee." alt="" coords="1224,1819,1331,1848">
<area shape="rect" href="$classShapesWidget.html" title="ShapesWidget" alt="" coords="1032,1872,1136,1901">
<area shape="rect" href="$classForm.html" title="A simple Form." alt="" coords="1059,1925,1109,1955">
<area shape="rect" href="$classHangmanGame.html" title="HangmanGame" alt="" coords="1028,1979,1140,2008">
<area shape="rect" href="$classCharacter.html" title="A Matrix character that takes red and/or blue pills." alt="" coords="1045,2032,1123,2061">
<area shape="rect" href="$classCountDownWidget.html" title="A widget which displays a decrementing number." alt="" coords="1021,2085,1147,2115">
<area shape="rect" href="$classLabel.html" title="A label." alt="" coords="1059,2139,1109,2168">
<area shape="rect" href="$classSourceView.html" title="View class for source code." alt="" coords="823,2085,913,2115">
