<area shape="rect" href="$classWt_1_1WAbstractToggleButton.html" title="An abstract base class for radio buttons and check boxes." alt="" coords="109,379,291,405">
<area shape="rect" href="$classWt_1_1WComboBox.html" title="A widget that provides a drop&#45;down combo&#45;box control." alt="" coords="315,379,435,405">
<area shape="rect" href="$classWt_1_1WLineEdit.html" title="A widget that provides a single line edit." alt="" coords="459,379,563,405">
<area shape="rect" href="$classWt_1_1WPushButton.html" title="A widget that represents a push button." alt="" coords="587,379,712,405">
<area shape="rect" href="$classWt_1_1WTextArea.html" title="A widget that provides a multi&#45;line edit." alt="" coords="736,379,845,405">
<area shape="rect" href="$classWt_1_1WInteractWidget.html" title="An abstract widget that can receive user&#45;interface interaction." alt="" coords="440,229,581,256">
<area shape="rect" href="$classWt_1_1WWebWidget.html" title="A base class for widgets with an HTML counterpart." alt="" coords="449,155,572,181">
<area shape="rect" href="$classWt_1_1WWidget.html" title="The abstract base class for a user&#45;interface component." alt="" coords="463,80,559,107">
<area shape="rect" href="$classWt_1_1WObject.html" title="A base class for objects that participate in the signal/slot system." alt="" coords="463,5,559,32">
<area shape="rect" href="$classWt_1_1WCheckBox.html" title="A user control that represents a check box." alt="" coords="5,453,123,480">
<area shape="rect" href="$classWt_1_1WRadioButton.html" title="A user control that represents a radio button." alt="" coords="147,453,275,480">
<area shape="rect" href="$classWt_1_1WSelectionBox.html" title="A selection box allows selection from a list of options." alt="" coords="308,453,441,480">
<area shape="rect" href="$classWt_1_1WTextEdit.html" title="A rich&#45;text XHTML editor." alt="" coords="739,453,843,480">
