<area shape="rect" href="$classWt_1_1WAbstractItemView.html" title="An abstract base class for item Views." alt="" coords="504,32,664,61">
<area shape="rect" href="$classWt_1_1WCalendar.html" title="A calendar." alt="" coords="531,85,637,115">
<area shape="rect" href="$classWt_1_1WDatePicker.html" title="A date picker." alt="" coords="524,139,644,168">
<area shape="rect" href="$classWt_1_1WDialog.html" title="A WDialog shows a dialog." alt="" coords="537,192,631,221">
<area shape="rect" href="$classWt_1_1WGoogleMap.html" title="A widget that displays a google map." alt="" coords="523,245,645,275">
<area shape="rect" href="$classWt_1_1WIconPair.html" title="A widget that shows one of two icons depending on its state." alt="" coords="532,299,636,328">
<area shape="rect" href="$classWt_1_1WInPlaceEdit.html" title="A widget that provides in&#45;place&#45;editable text." alt="" coords="523,352,645,381">
<area shape="rect" href="$classWt_1_1WMenu.html" title="A widget that shows a menu of options." alt="" coords="540,405,628,435">
<area shape="rect" href="$classWt_1_1WPanel.html" title="A WPanel provides a container with a title bar." alt="" coords="540,459,628,488">
<area shape="rect" href="$classWt_1_1WPopupMenu.html" title="A menu presented in a popup window." alt="" coords="521,512,647,541">
<area shape="rect" href="$classWt_1_1WPopupMenuItem.html" title="An item in a popup menu." alt="" coords="508,565,660,595">
<area shape="rect" href="$classWt_1_1WSlider.html" title="A horizontal or vertical slider control." alt="" coords="540,619,628,648">
<area shape="rect" href="$classWt_1_1WSuggestionPopup.html" title="A widget which popups to assist in editing a textarea or lineedit." alt="" coords="505,672,663,701">
<area shape="rect" href="$classWt_1_1WTabWidget.html" title="A widget that organizes contents in tab panes." alt="" coords="525,725,643,755">
<area shape="rect" href="$classWt_1_1WTree.html" title="A widget that represents a navigatable tree." alt="" coords="543,779,625,808">
<area shape="rect" href="$classWt_1_1WTreeNode.html" title="A single node in a tree." alt="" coords="528,832,640,861">
<area shape="rect" href="$classWt_1_1WTreeTable.html" title="A table with a navigatable tree in the first column." alt="" coords="528,885,640,915">
<area shape="rect" href="$classWt_1_1WValidationStatus.html" title="A widget that keeps track of the validation status of a form widget." alt="" coords="508,939,660,968">
<area shape="rect" href="$classWt_1_1WVirtualImage.html" title="An abstract widget that shows a viewport to a virtually large image." alt="" coords="519,992,649,1021">
<area shape="rect" href="$classWt_1_1WWidget.html" title="The abstract base class for a user&#45;interface component." alt="" coords="151,512,247,541">
<area shape="rect" href="$classWt_1_1WObject.html" title="A base class for objects that participate in the signal/slot system." alt="" coords="7,512,100,541">
<area shape="rect" href="$classWt_1_1WTableView.html" title="An MVC View widget for tabular data." alt="" coords="727,5,841,35">
<area shape="rect" href="$classWt_1_1WTreeView.html" title="A view class that displays a model as a tree or tree table." alt="" coords="729,59,839,88">
<area shape="rect" href="$classWt_1_1WMessageBox.html" title="A standard dialog for confirmation or to get simple user input." alt="" coords="717,192,851,221">
<area shape="rect" href="$classWt_1_1WTreeTableNode.html" title="A specialized tree node which allows additional data to be associated with each node..." alt="" coords="712,832,856,861">
