<area shape="rect" href="$classWt_1_1Ext_1_1AbstractToggleButton.html" title="Abstract base class for radio button and check box." alt="" coords="1004,56,1201,83">
<area shape="rect" href="$classWt_1_1Ext_1_1LineEdit.html" title="A line edit." alt="" coords="1043,132,1163,159">
<area shape="rect" href="$classWt_1_1Ext_1_1TextEdit.html" title="A rich&#45;text editor." alt="" coords="1043,183,1163,209">
<area shape="rect" href="$classWt_1_1Ext_1_1Component.html" title="An abstract base class for widgets that can be visually disabled." alt="" coords="633,132,772,159">
<area shape="rect" href="$classWt_1_1Ext_1_1Widget.html" title="An abstract base class for all Ext widgets." alt="" coords="471,132,583,159">
<area shape="rect" href="$classWt_1_1WWebWidget.html" title="A base class for widgets with an HTML counterpart." alt="" coords="297,132,420,159">
<area shape="rect" href="$classWt_1_1WWidget.html" title="The abstract base class for a user&#45;interface component." alt="" coords="151,132,247,159">
<area shape="rect" href="$classWt_1_1WObject.html" title="A base class for objects that participate in the signal/slot system." alt="" coords="5,132,101,159">
<area shape="rect" href="$classWt_1_1Ext_1_1CheckBox.html" title="A user control that represents a check box." alt="" coords="1257,5,1391,32">
<area shape="rect" href="$classWt_1_1Ext_1_1RadioButton.html" title="A user control that represents a radio button." alt="" coords="1252,56,1396,83">
<area shape="rect" href="$classWt_1_1Ext_1_1ComboBox.html" title="A widget that provides a drop&#45;down combo&#45;box control." alt="" coords="1256,107,1392,133">
<area shape="rect" href="$classWt_1_1Ext_1_1DateField.html" title="A form field for conveniently editing a date using a calendar popup." alt="" coords="1260,157,1388,184">
<area shape="rect" href="$classWt_1_1Ext_1_1NumberField.html" title="A form field for editing a number." alt="" coords="1251,208,1397,235">
