<area shape="rect" href="$classWt_1_1Ext_1_1MessageBox.html" title="A standard dialog for confirmation or to get simple user input." alt="" coords="11,603,160,629">
<area shape="rect" href="$classWt_1_1Ext_1_1Dialog.html" title="A dialog emulates a modal window that blocks the user&#45;interface." alt="" coords="31,528,140,555">
<area shape="rect" href="$classWt_1_1Ext_1_1Panel.html" title="A container with a title and standard GUI elements." alt="" coords="32,453,139,480">
<area shape="rect" href="$classWt_1_1Ext_1_1Container.html" title="A container class which manages its contents using layout managers." alt="" coords="21,379,149,405">
<area shape="rect" href="$classWt_1_1Ext_1_1Component.html" title="An abstract base class for widgets that can be visually disabled." alt="" coords="16,304,155,331">
<area shape="rect" href="$classWt_1_1Ext_1_1Widget.html" title="An abstract base class for all Ext widgets." alt="" coords="29,229,141,256">
<area shape="rect" href="$classWt_1_1WWebWidget.html" title="A base class for widgets with an HTML counterpart." alt="" coords="24,155,147,181">
<area shape="rect" href="$classWt_1_1WWidget.html" title="The abstract base class for a user&#45;interface component." alt="" coords="37,80,133,107">
<area shape="rect" href="$classWt_1_1WObject.html" title="A base class for objects that participate in the signal/slot system." alt="" coords="37,5,133,32">
