<area shape="rect" href="$classWt_1_1WSignalMapper.html" title="Wt::WSignalMapper\&lt; int \&gt;" alt="" coords="261,5,435,35">
<area shape="rect" href="$classWt_1_1WSignalMapper.html" title="Wt::WSignalMapper\&lt; Wt::StandardButton, Wt::NoClass \&gt;" alt="" coords="171,59,525,88">
<area shape="rect" href="$classWt_1_1WSignalMapper.html" title="Wt::WSignalMapper\&lt; Wt::WCalendar::Coordinate, Wt::NoClass \&gt;" alt="" coords="151,112,545,141">
<area shape="rect" href="$classWt_1_1WSignalMapper.html" title="Wt::WSignalMapper\&lt; Wt::WModelIndex, Wt::WMouseEvent \&gt;" alt="" coords="159,165,537,195">
<area shape="rect" href="$classWt_1_1Ext_1_1ToolTipConfig.html" title="A configuration object for tool tips." alt="" coords="272,219,424,248">
<area shape="rect" href="$classWt_1_1WAbstractArea.html" title="Abstract base class for interactive areas in a widget." alt="" coords="283,272,413,301">
<area shape="rect" href="$classWt_1_1WAbstractItemDelegate.html" title="Abstract delegate class for rendering an item in a MVC view." alt="" coords="257,325,439,355">
<area shape="rect" href="$classWt_1_1WAbstractItemModel.html" title="An abstract model for use with Wt&#39;s view classes." alt="" coords="265,379,431,408">
<area shape="rect" href="$classWt_1_1WApplication.html" title="Represents an application instance for a single session." alt="" coords="288,432,408,461">
<area shape="rect" href="$classWt_1_1WButtonGroup.html" title="A class for grouping radio buttons logically together." alt="" coords="283,485,413,515">
<area shape="rect" href="$classWt_1_1WCanvasPaintDevice.html" title="A paint device for rendering using the HTML 5 &lt;canvas&gt; element." alt="" coords="264,539,432,568">
<area shape="rect" href="$classWt_1_1WItemSelectionModel.html" title="A class that represents a selection for a WAbstractItemView." alt="" coords="263,592,433,621">
<area shape="rect" href="$classWt_1_1WLayout.html" title="An abstract base class for layout managers." alt="" coords="300,645,396,675">
<area shape="rect" href="$classWt_1_1WMenuItem.html" title="A single item in a menu." alt="" coords="291,699,405,728">
<area shape="rect" href="$classWt_1_1WResource.html" title="An object which can be rendered in the HTTP protocol." alt="" coords="292,752,404,781">
<area shape="rect" href="$classWt_1_1WScrollBar.html" title="A scrollbar attached to a scroll area." alt="" coords="293,805,403,835">
<area shape="rect" href="$classWt_1_1WSignalMapper.html" title="A utility class to connect multiple senders to a single slot." alt="" coords="252,859,444,888">
<area shape="rect" href="$classWt_1_1WSocketNotifier.html" title="A utility class for asynchronous notification of socket activity." alt="" coords="279,912,417,941">
<area shape="rect" href="$classWt_1_1WSound.html" title="Utility class to play a sound." alt="" coords="301,965,395,995">
<area shape="rect" href="$classWt_1_1WTableColumn.html" title="A table column." alt="" coords="283,1019,413,1048">
<area shape="rect" href="$classWt_1_1WTableRow.html" title="A table row." alt="" coords="292,1072,404,1101">
<area shape="rect" href="$classWt_1_1WTimer.html" title="A utility class which provides timer signals and single&#45;shot timers." alt="" coords="303,1125,393,1155">
<area shape="rect" href="$classWt_1_1WValidator.html" title="A validator is used to validate user input according to pre&#45;defined rules." alt="" coords="295,1179,401,1208">
<area shape="rect" href="$classWt_1_1WWidget.html" title="The abstract base class for a user&#45;interface component." alt="" coords="300,1232,396,1261">
<area shape="rect" href="$classWt_1_1WCircleArea.html" title="A interactive area in a widget, specified by a circle." alt="" coords="625,59,740,88">
<area shape="rect" href="$classWt_1_1WPolygonArea.html" title="An interactive area in a widget, specified by a polygon." alt="" coords="617,112,748,141">
<area shape="rect" href="$classWt_1_1WRectArea.html" title="A interactive area in a widget, specified by a rectangle." alt="" coords="627,165,739,195">
<area shape="rect" href="$classWt_1_1WItemDelegate.html" title="Standard delegate class for rendering a view item." alt="" coords="616,219,749,248">
<area shape="rect" href="$classWt_1_1WAbstractListModel.html" title="An abstract list model for use with Wt&#39;s view classes." alt="" coords="603,272,763,301">
<area shape="rect" href="$classWt_1_1WAbstractProxyModel.html" title="An abstract proxy model for Wt&#39;s item models." alt="" coords="596,325,769,355">
<area shape="rect" href="$classWt_1_1WAbstractTableModel.html" title="An abstract table model for use with Wt&#39;s view classes." alt="" coords="597,379,768,408">
<area shape="rect" href="$classWt_1_1WStandardItemModel.html" title="A standard data model, which stores its data in memory." alt="" coords="599,432,767,461">
<area shape="rect" href="$classWt_1_1WBorderLayout.html" title="A layout manager which divides the container region in five regions." alt="" coords="616,485,749,515">
<area shape="rect" href="$classWt_1_1WBoxLayout.html" title="A layout manager which arranges widgets horizontally or vertically." alt="" coords="623,539,743,568">
<area shape="rect" href="$classWt_1_1WDefaultLayout.html" title="A default layout manager." alt="" coords="615,592,751,621">
<area shape="rect" href="$classWt_1_1WFitLayout.html" title="A layout manager which spans a single widget to all available space." alt="" coords="627,645,739,675">
<area shape="rect" href="$classWt_1_1WGridLayout.html" title="A layout manager which arranges widgets in a grid." alt="" coords="623,699,743,728">
<area shape="rect" href="$classWt_1_1WSubMenuItem.html" title="A menu item that contains a nested sub menu." alt="" coords="615,752,751,781">
<area shape="rect" href="$classWt_1_1Ext_1_1DataStore.html" title="A resource that serializes data from a data model." alt="" coords="617,805,748,835">
<area shape="rect" href="$classWt_1_1WFileResource.html" title="A resource which streams data from a local file." alt="" coords="616,859,749,888">
<area shape="rect" href="$classWt_1_1WMemoryResource.html" title="A resource which streams data from memory." alt="" coords="603,912,763,941">
<area shape="rect" href="$classWt_1_1WPdfImage.html" title="A paint device for rendering to a PDF." alt="" coords="627,965,739,995">
<area shape="rect" href="$classWt_1_1WRasterImage.html" title="A paint device for rendering to a raster image." alt="" coords="617,1019,748,1048">
<area shape="rect" href="$classWt_1_1WSvgImage.html" title="A paint device for rendering using Scalable Vector Graphics (SVG)." alt="" coords="625,1072,740,1101">
<area shape="rect" href="$classWt_1_1WDateValidator.html" title="A validator for date input." alt="" coords="616,1125,749,1155">
<area shape="rect" href="$classWt_1_1WDoubleValidator.html" title="A validator for validating floating point user input." alt="" coords="609,1179,756,1208">
<area shape="rect" href="$classWt_1_1WIntValidator.html" title="A validator that validates integer user input." alt="" coords="621,1232,744,1261">
<area shape="rect" href="$classWt_1_1WLengthValidator.html" title="A validator that checks the string length of user input." alt="" coords="609,1285,756,1315">
