<area shape="rect" href="$classWt_1_1Ext_1_1Panel.html" title="A container with a title and standard GUI elements." alt="" coords="21,453,128,480">
<area shape="rect" href="$classWt_1_1Ext_1_1Container.html" title="A container class which manages its contents using layout managers." alt="" coords="11,379,139,405">
<area shape="rect" href="$classWt_1_1Ext_1_1Component.html" title="An abstract base class for widgets that can be visually disabled." alt="" coords="5,304,144,331">
<area shape="rect" href="$classWt_1_1Ext_1_1Widget.html" title="An abstract base class for all Ext widgets." alt="" coords="19,229,131,256">
<area shape="rect" href="$classWt_1_1WWebWidget.html" title="A base class for widgets with an HTML counterpart." alt="" coords="13,155,136,181">
<area shape="rect" href="$classWt_1_1WWidget.html" title="The abstract base class for a user&#45;interface component." alt="" coords="27,80,123,107">
<area shape="rect" href="$classWt_1_1WObject.html" title="A base class for objects that participate in the signal/slot system." alt="" coords="27,5,123,32">
