<area shape="rect" href="$classWt_1_1Chart_1_1WCartesianChart.html" title="A cartesian chart." alt="" coords="5,453,187,480">
<area shape="rect" href="$classWt_1_1Chart_1_1WPieChart.html" title="A pie chart." alt="" coords="211,453,357,480">
<area shape="rect" href="$classWt_1_1WPaintedWidget.html" title="A widget that is painted using vector graphics." alt="" coords="119,304,260,331">
<area shape="rect" href="$classWt_1_1WInteractWidget.html" title="An abstract widget that can receive user&#45;interface interaction." alt="" coords="119,229,260,256">
<area shape="rect" href="$classWt_1_1WWebWidget.html" title="A base class for widgets with an HTML counterpart." alt="" coords="128,155,251,181">
<area shape="rect" href="$classWt_1_1WWidget.html" title="The abstract base class for a user&#45;interface component." alt="" coords="141,80,237,107">
<area shape="rect" href="$classWt_1_1WObject.html" title="A base class for objects that participate in the signal/slot system." alt="" coords="141,5,237,32">
