<area shape="rect" href="$classWt_1_1Ext_1_1AbstractButton.html" title="Abstract base class for a (toolbar) button or menu item." alt="" coords="821,31,981,57">
<area shape="rect" href="$classWt_1_1Ext_1_1Calendar.html" title="A calendar." alt="" coords="840,81,963,108">
<area shape="rect" href="$classWt_1_1Ext_1_1Container.html" title="A container class which manages its contents using layout managers." alt="" coords="837,132,965,159">
<area shape="rect" href="$classWt_1_1Ext_1_1FormField.html" title="An abstract base class for form fields." alt="" coords="836,271,967,297">
<area shape="rect" href="$classWt_1_1Ext_1_1Widget.html" title="An abstract base class for all Ext widgets." alt="" coords="471,107,583,133">
<area shape="rect" href="$classWt_1_1WWebWidget.html" title="A base class for widgets with an HTML counterpart." alt="" coords="297,107,420,133">
<area shape="rect" href="$classWt_1_1WWidget.html" title="The abstract base class for a user&#45;interface component." alt="" coords="151,107,247,133">
<area shape="rect" href="$classWt_1_1WObject.html" title="A base class for objects that participate in the signal/slot system." alt="" coords="5,107,101,133">
<area shape="rect" href="$classWt_1_1Ext_1_1Button.html" title="A button." alt="" coords="1073,5,1185,32">
<area shape="rect" href="$classWt_1_1Ext_1_1MenuItem.html" title="An item in a menu." alt="" coords="1064,56,1195,83">
<area shape="rect" href="$classWt_1_1Ext_1_1Panel.html" title="A container with a title and standard GUI elements." alt="" coords="1076,119,1183,145">
<area shape="rect" href="$classWt_1_1Ext_1_1Dialog.html" title="A dialog emulates a modal window that blocks the user&#45;interface." alt="" coords="1296,43,1405,69">
<area shape="rect" href="$classWt_1_1Ext_1_1TableView.html" title="A widget that displays data in a table." alt="" coords="1285,93,1416,120">
<area shape="rect" href="$classWt_1_1Ext_1_1TabWidget.html" title="A widget that organizes contents in tab panes." alt="" coords="1284,144,1417,171">
<area shape="rect" href="$classWt_1_1Ext_1_1MessageBox.html" title="A standard dialog for confirmation or to get simple user input." alt="" coords="1472,43,1621,69">
<area shape="rect" href="$classWt_1_1Ext_1_1ProgressDialog.html" title="A standard dialog to inform the user of progress during a time consuming task." alt="" coords="1671,43,1831,69">
<area shape="rect" href="$classWt_1_1Ext_1_1AbstractToggleButton.html" title="Abstract base class for radio button and check box." alt="" coords="1031,245,1228,272">
<area shape="rect" href="$classWt_1_1Ext_1_1LineEdit.html" title="A line edit." alt="" coords="1069,296,1189,323">
<area shape="rect" href="$classWt_1_1Ext_1_1TextEdit.html" title="A rich&#45;text editor." alt="" coords="1069,347,1189,373">
<area shape="rect" href="$classWt_1_1Ext_1_1CheckBox.html" title="A user control that represents a check box." alt="" coords="1284,195,1417,221">
<area shape="rect" href="$classWt_1_1Ext_1_1RadioButton.html" title="A user control that represents a radio button." alt="" coords="1279,245,1423,272">
<area shape="rect" href="$classWt_1_1Ext_1_1ComboBox.html" title="A widget that provides a drop&#45;down combo&#45;box control." alt="" coords="1283,296,1419,323">
<area shape="rect" href="$classWt_1_1Ext_1_1DateField.html" title="A form field for conveniently editing a date using a calendar popup." alt="" coords="1287,347,1415,373">
<area shape="rect" href="$classWt_1_1Ext_1_1NumberField.html" title="A form field for editing a number." alt="" coords="1277,397,1424,424">
