<area shape="rect" href="$classWt_1_1Ext_1_1AbstractToggleButton.html" title="Abstract base class for radio button and check box." alt="" coords="5,453,203,480">
<area shape="rect" href="$classWt_1_1Ext_1_1FormField.html" title="An abstract base class for form fields." alt="" coords="39,379,169,405">
<area shape="rect" href="$classWt_1_1Ext_1_1Component.html" title="An abstract base class for widgets that can be visually disabled." alt="" coords="35,304,173,331">
<area shape="rect" href="$classWt_1_1Ext_1_1Widget.html" title="An abstract base class for all Ext widgets." alt="" coords="48,229,160,256">
<area shape="rect" href="$classWt_1_1WWebWidget.html" title="A base class for widgets with an HTML counterpart." alt="" coords="43,155,165,181">
<area shape="rect" href="$classWt_1_1WWidget.html" title="The abstract base class for a user&#45;interface component." alt="" coords="56,80,152,107">
<area shape="rect" href="$classWt_1_1WObject.html" title="A base class for objects that participate in the signal/slot system." alt="" coords="56,5,152,32">
