<area shape="rect" href="$classWt_1_1WAbstractListModel.html" title="An abstract list model for use with Wt&#39;s view classes." alt="" coords="373,32,533,61">
<area shape="rect" href="$classWt_1_1WAbstractProxyModel.html" title="An abstract proxy model for Wt&#39;s item models." alt="" coords="367,112,540,141">
<area shape="rect" href="$classWt_1_1WAbstractTableModel.html" title="An abstract table model for use with Wt&#39;s view classes." alt="" coords="368,165,539,195">
<area shape="rect" href="$classWt_1_1WStandardItemModel.html" title="A standard data model, which stores its data in memory." alt="" coords="369,219,537,248">
<area shape="rect" href="$classWt_1_1WObject.html" title="A base class for objects that participate in the signal/slot system." alt="" coords="7,139,100,168">
<area shape="rect" href="$classWt_1_1WStringListModel.html" title="An model that manages a list of strings." alt="" coords="620,5,767,35">
<area shape="rect" href="$classWt_1_1WAggregateProxyModel.html" title="A proxy model for Wt&#39;s item models that provides column aggregation." alt="" coords="601,59,785,88">
<area shape="rect" href="$classWt_1_1WBatchEditProxyModel.html" title="A proxy model for Wt&#39;s item models that provides batch editing." alt="" coords="601,112,785,141">
<area shape="rect" href="$classWt_1_1WSortFilterProxyModel.html" title="A proxy model for Wt&#39;s item models that provides filtering and/or sorting." alt="" coords="604,165,783,195">
<area shape="rect" href="$classWt_1_1Dbo_1_1QueryModel.html" title="A Wt MVC Model to view/edit query results." alt="" coords="589,219,797,248">
