<area shape="rect" href="$classWt_1_1WLayout.html" title="An abstract base class for layout managers." alt="" coords="327,80,423,107">
<area shape="rect" href="$classWt_1_1WWidgetItem.html" title="A layout item that holds a single widget." alt="" coords="447,80,569,107">
<area shape="rect" href="$classWt_1_1WBorderLayout.html" title="A layout manager which divides the container region in five regions." alt="" coords="5,155,139,181">
<area shape="rect" href="$classWt_1_1WBoxLayout.html" title="A layout manager which arranges widgets horizontally or vertically." alt="" coords="163,155,283,181">
<area shape="rect" href="$classWt_1_1WDefaultLayout.html" title="A default layout manager." alt="" coords="307,155,443,181">
<area shape="rect" href="$classWt_1_1WFitLayout.html" title="A layout manager which spans a single widget to all available space." alt="" coords="467,155,579,181">
<area shape="rect" href="$classWt_1_1WGridLayout.html" title="A layout manager which arranges widgets in a grid." alt="" coords="603,155,723,181">
<area shape="rect" href="$classWt_1_1WHBoxLayout.html" title="A layout manager which arranges widgets horizontally." alt="" coords="7,229,135,256">
<area shape="rect" href="$classWt_1_1WVBoxLayout.html" title="A layout manager which arranges widgets vertically." alt="" coords="159,229,287,256">
<area shape="rect" href="$classWt_1_1WAccordionLayout.html" title="A layout manager which shows one item at a time." alt="" coords="311,229,463,256">
