<area shape="rect" href="$classWt_1_1WCheckBox.html" title="A user control that represents a check box." alt="" coords="5,453,123,480">
<area shape="rect" href="$classWt_1_1WRadioButton.html" title="A user control that represents a radio button." alt="" coords="147,453,275,480">
<area shape="rect" href="$classWt_1_1WFormWidget.html" title="An abstract widget that corresponds to an HTML form element." alt="" coords="73,304,201,331">
<area shape="rect" href="$classWt_1_1WInteractWidget.html" title="An abstract widget that can receive user&#45;interface interaction." alt="" coords="67,229,208,256">
<area shape="rect" href="$classWt_1_1WWebWidget.html" title="A base class for widgets with an HTML counterpart." alt="" coords="76,155,199,181">
<area shape="rect" href="$classWt_1_1WWidget.html" title="The abstract base class for a user&#45;interface component." alt="" coords="89,80,185,107">
<area shape="rect" href="$classWt_1_1WObject.html" title="A base class for objects that participate in the signal/slot system." alt="" coords="89,5,185,32">
