<area shape="rect" href="$classWt_1_1Ext_1_1Panel.html" title="A container with a title and standard GUI elements." alt="" coords="176,453,283,480">
<area shape="rect" href="$classWt_1_1Ext_1_1Component.html" title="An abstract base class for widgets that can be visually disabled." alt="" coords="160,304,299,331">
<area shape="rect" href="$classWt_1_1Ext_1_1Widget.html" title="An abstract base class for all Ext widgets." alt="" coords="173,229,285,256">
<area shape="rect" href="$classWt_1_1WWebWidget.html" title="A base class for widgets with an HTML counterpart." alt="" coords="168,155,291,181">
<area shape="rect" href="$classWt_1_1WWidget.html" title="The abstract base class for a user&#45;interface component." alt="" coords="181,80,277,107">
<area shape="rect" href="$classWt_1_1WObject.html" title="A base class for objects that participate in the signal/slot system." alt="" coords="181,5,277,32">
<area shape="rect" href="$classWt_1_1Ext_1_1Dialog.html" title="A dialog emulates a modal window that blocks the user&#45;interface." alt="" coords="31,528,140,555">
<area shape="rect" href="$classWt_1_1Ext_1_1TableView.html" title="A widget that displays data in a table." alt="" coords="164,528,295,555">
<area shape="rect" href="$classWt_1_1Ext_1_1TabWidget.html" title="A widget that organizes contents in tab panes." alt="" coords="319,528,452,555">
<area shape="rect" href="$classWt_1_1Ext_1_1MessageBox.html" title="A standard dialog for confirmation or to get simple user input." alt="" coords="11,603,160,629">
<area shape="rect" href="$classWt_1_1Ext_1_1ProgressDialog.html" title="A standard dialog to inform the user of progress during a time consuming task." alt="" coords="5,677,165,704">
