<area shape="rect" href="$classWt_1_1WLayoutItem.html" title="An abstract base class for items that can participate in a layout." alt="" coords="8,165,131,195">
<area shape="rect" href="$classWt_1_1WLayout.html" title="An abstract base class for layout managers." alt="" coords="229,192,325,221">
<area shape="rect" href="$classWt_1_1WWidgetItem.html" title="A layout item that holds a single widget." alt="" coords="216,139,339,168">
<area shape="rect" href="$classWt_1_1WBorderLayout.html" title="A layout manager which divides the container region in five regions." alt="" coords="443,272,576,301">
<area shape="rect" href="$classWt_1_1WBoxLayout.html" title="A layout manager which arranges widgets horizontally or vertically." alt="" coords="449,59,569,88">
<area shape="rect" href="$classWt_1_1WDefaultLayout.html" title="A default layout manager." alt="" coords="441,112,577,141">
<area shape="rect" href="$classWt_1_1WFitLayout.html" title="A layout manager which spans a single widget to all available space." alt="" coords="453,165,565,195">
<area shape="rect" href="$classWt_1_1WGridLayout.html" title="A layout manager which arranges widgets in a grid." alt="" coords="449,219,569,248">
<area shape="rect" href="$classWt_1_1WHBoxLayout.html" title="A layout manager which arranges widgets horizontally." alt="" coords="685,5,813,35">
<area shape="rect" href="$classWt_1_1WVBoxLayout.html" title="A layout manager which arranges widgets vertically." alt="" coords="685,59,813,88">
<area shape="rect" href="$classWt_1_1WAccordionLayout.html" title="A layout manager which shows one item at a time." alt="" coords="673,112,825,141">
<area shape="rect" href="$classWt_1_1WLoadingIndicator.html" title="An abstract interface for a loading indicator." alt="" coords="940,699,1092,728">
<area shape="rect" href="$classWt_1_1WDefaultLoadingIndicator.html" title="A default loading indicator." alt="" coords="1181,619,1373,648">
<area shape="rect" href="$classWt_1_1WOverlayLoadingIndicator.html" title="A more obvious loading indicator that grays the window." alt="" coords="1180,672,1375,701">
<area shape="rect" href="$classWt_1_1WObject.html" title="A base class for objects that participate in the signal/slot system." alt="" coords="23,2005,116,2035">
<area shape="rect" href="$classWt_1_1Ext_1_1ToolTipConfig.html" title="A configuration object for tool tips." alt="" coords="201,2459,353,2488">
<area shape="rect" href="$classWt_1_1WAbstractArea.html" title="Abstract base class for interactive areas in a widget." alt="" coords="212,1645,343,1675">
<area shape="rect" href="$classWt_1_1WAbstractItemDelegate.html" title="Abstract delegate class for rendering an item in a MVC view." alt="" coords="187,1712,368,1741">
<area shape="rect" href="$classWt_1_1WAbstractItemModel.html" title="An abstract model for use with Wt&#39;s view classes." alt="" coords="195,1819,360,1848">
<area shape="rect" href="$classWt_1_1WApplication.html" title="Represents an application instance for a single session." alt="" coords="217,1539,337,1568">
<area shape="rect" href="$classWt_1_1WButtonGroup.html" title="A class for grouping radio buttons logically together." alt="" coords="212,1592,343,1621">
<area shape="rect" href="$classWt_1_1WCanvasPaintDevice.html" title="A paint device for rendering using the HTML 5 &lt;canvas&gt; element." alt="" coords="193,2512,361,2541">
<area shape="rect" href="$classWt_1_1WItemSelectionModel.html" title="A class that represents a selection for a WAbstractItemView." alt="" coords="192,1872,363,1901">
<area shape="rect" href="$classWt_1_1WMenuItem.html" title="A single item in a menu." alt="" coords="220,1925,335,1955">
<area shape="rect" href="$classWt_1_1WResource.html" title="An object which can be rendered in the HTTP protocol." alt="" coords="221,2405,333,2435">
<area shape="rect" href="$classWt_1_1WScrollBar.html" title="A scrollbar attached to a scroll area." alt="" coords="223,2032,332,2061">
<area shape="rect" href="$classWt_1_1WSignalMapper.html" title="A utility class to connect multiple senders to a single slot." alt="" coords="181,2085,373,2115">
<area shape="rect" href="$classWt_1_1WSocketNotifier.html" title="A utility class for asynchronous notification of socket activity." alt="" coords="208,2139,347,2168">
<area shape="rect" href="$classWt_1_1WSound.html" title="Utility class to play a sound." alt="" coords="231,2192,324,2221">
<area shape="rect" href="$classWt_1_1WTableColumn.html" title="A table column." alt="" coords="212,2245,343,2275">
<area shape="rect" href="$classWt_1_1WTableRow.html" title="A table row." alt="" coords="221,2299,333,2328">
<area shape="rect" href="$classWt_1_1WTimer.html" title="A utility class which provides timer signals and single&#45;shot timers." alt="" coords="232,2352,323,2381">
<area shape="rect" href="$classWt_1_1WValidator.html" title="A validator is used to validate user input according to pre&#45;defined rules." alt="" coords="224,1979,331,2008">
<area shape="rect" href="$classWt_1_1WWidget.html" title="The abstract base class for a user&#45;interface component." alt="" coords="229,1259,325,1288">
<area shape="rect" href="$classWt_1_1WCircleArea.html" title="A interactive area in a widget, specified by a circle." alt="" coords="452,1579,567,1608">
<area shape="rect" href="$classWt_1_1WPolygonArea.html" title="An interactive area in a widget, specified by a polygon." alt="" coords="444,1632,575,1661">
<area shape="rect" href="$classWt_1_1WRectArea.html" title="A interactive area in a widget, specified by a rectangle." alt="" coords="453,1525,565,1555">
<area shape="rect" href="$classWt_1_1WItemDelegate.html" title="Standard delegate class for rendering a view item." alt="" coords="443,1685,576,1715">
<area shape="rect" href="$classWt_1_1WAbstractListModel.html" title="An abstract list model for use with Wt&#39;s view classes." alt="" coords="429,1845,589,1875">
<area shape="rect" href="$classWt_1_1WAbstractProxyModel.html" title="An abstract proxy model for Wt&#39;s item models." alt="" coords="423,1899,596,1928">
<area shape="rect" href="$classWt_1_1WAbstractTableModel.html" title="An abstract table model for use with Wt&#39;s view classes." alt="" coords="424,1739,595,1768">
<area shape="rect" href="$classWt_1_1WStandardItemModel.html" title="A standard data model, which stores its data in memory." alt="" coords="425,1792,593,1821">
<area shape="rect" href="$classWt_1_1WStringListModel.html" title="An model that manages a list of strings." alt="" coords="676,1845,823,1875">
<area shape="rect" href="$classWt_1_1WAggregateProxyModel.html" title="A proxy model for Wt&#39;s item models that provides column aggregation." alt="" coords="657,2005,841,2035">
<area shape="rect" href="$classWt_1_1WBatchEditProxyModel.html" title="A proxy model for Wt&#39;s item models that provides batch editing." alt="" coords="657,1899,841,1928">
<area shape="rect" href="$classWt_1_1WSortFilterProxyModel.html" title="A proxy model for Wt&#39;s item models that provides filtering and/or sorting." alt="" coords="660,1952,839,1981">
<area shape="rect" href="$classWt_1_1Dbo_1_1QueryModel.html" title="A Wt MVC Model to view/edit query results." alt="" coords="645,1792,853,1821">
<area shape="rect" href="$classWt_1_1WSubMenuItem.html" title="A menu item that contains a nested sub menu." alt="" coords="441,1952,577,1981">
<area shape="rect" href="$classWt_1_1Ext_1_1DataStore.html" title="A resource that serializes data from a data model." alt="" coords="444,2403,575,2432">
<area shape="rect" href="$classWt_1_1WFileResource.html" title="A resource which streams data from a local file." alt="" coords="443,2456,576,2485">
<area shape="rect" href="$classWt_1_1WMemoryResource.html" title="A resource which streams data from memory." alt="" coords="429,2349,589,2379">
<area shape="rect" href="$classWt_1_1WPdfImage.html" title="A paint device for rendering to a PDF." alt="" coords="453,2563,565,2592">
<area shape="rect" href="$classWt_1_1WRasterImage.html" title="A paint device for rendering to a raster image." alt="" coords="444,2509,575,2539">
<area shape="rect" href="$classWt_1_1WSvgImage.html" title="A paint device for rendering using Scalable Vector Graphics (SVG)." alt="" coords="452,2616,567,2645">
<area shape="rect" href="$classWt_1_1WDateValidator.html" title="A validator for date input." alt="" coords="443,2005,576,2035">
<area shape="rect" href="$classWt_1_1WDoubleValidator.html" title="A validator for validating floating point user input." alt="" coords="436,2059,583,2088">
<area shape="rect" href="$classWt_1_1WIntValidator.html" title="A validator that validates integer user input." alt="" coords="448,2112,571,2141">
<area shape="rect" href="$classWt_1_1WLengthValidator.html" title="A validator that checks the string length of user input." alt="" coords="436,2165,583,2195">
<area shape="rect" href="$classWt_1_1WRegExpValidator.html" title="A validator that checks user input against a regular expression." alt="" coords="433,2219,585,2248">
<area shape="rect" href="$classWt_1_1WCompositeWidget.html" title="A widget that hides the implementation of composite widgets." alt="" coords="431,1259,588,1288">
<area shape="rect" href="$classWt_1_1WWebWidget.html" title="A base class for widgets with an HTML counterpart." alt="" coords="448,379,571,408">
<area shape="rect" href="$classWt_1_1WAbstractItemView.html" title="An abstract base class for item Views." alt="" coords="669,885,829,915">
<area shape="rect" href="$classWt_1_1WCalendar.html" title="A calendar." alt="" coords="696,939,803,968">
<area shape="rect" href="$classWt_1_1WDatePicker.html" title="A date picker." alt="" coords="689,992,809,1021">
<area shape="rect" href="$classWt_1_1WDialog.html" title="A WDialog shows a dialog." alt="" coords="703,1045,796,1075">
<area shape="rect" href="$classWt_1_1WGoogleMap.html" title="A widget that displays a google map." alt="" coords="688,1099,811,1128">
<area shape="rect" href="$classWt_1_1WIconPair.html" title="A widget that shows one of two icons depending on its state." alt="" coords="697,1152,801,1181">
<area shape="rect" href="$classWt_1_1WInPlaceEdit.html" title="A widget that provides in&#45;place&#45;editable text." alt="" coords="688,1205,811,1235">
<area shape="rect" href="$classWt_1_1WMenu.html" title="A widget that shows a menu of options." alt="" coords="705,1259,793,1288">
<area shape="rect" href="$classWt_1_1WPanel.html" title="A WPanel provides a container with a title bar." alt="" coords="705,1312,793,1341">
<area shape="rect" href="$classWt_1_1WPopupMenu.html" title="A menu presented in a popup window." alt="" coords="687,1365,812,1395">
<area shape="rect" href="$classWt_1_1WPopupMenuItem.html" title="An item in a popup menu." alt="" coords="673,1419,825,1448">
<area shape="rect" href="$classWt_1_1WSlider.html" title="A horizontal or vertical slider control." alt="" coords="705,1472,793,1501">
<area shape="rect" href="$classWt_1_1WSuggestionPopup.html" title="A widget which popups to assist in editing a textarea or lineedit." alt="" coords="671,1525,828,1555">
<area shape="rect" href="$classWt_1_1WTabWidget.html" title="A widget that organizes contents in tab panes." alt="" coords="691,1579,808,1608">
<area shape="rect" href="$classWt_1_1WTree.html" title="A widget that represents a navigatable tree." alt="" coords="708,1632,791,1661">
<area shape="rect" href="$classWt_1_1WTreeNode.html" title="A single node in a tree." alt="" coords="693,1685,805,1715">
<area shape="rect" href="$classWt_1_1WTreeTable.html" title="A table with a navigatable tree in the first column." alt="" coords="693,1739,805,1768">
<area shape="rect" href="$classWt_1_1WValidationStatus.html" title="A widget that keeps track of the validation status of a form widget." alt="" coords="673,779,825,808">
<area shape="rect" href="$classWt_1_1WVirtualImage.html" title="An abstract widget that shows a viewport to a virtually large image." alt="" coords="684,832,815,861">
<area shape="rect" href="$classWt_1_1WTableView.html" title="An MVC View widget for tabular data." alt="" coords="959,965,1073,995">
<area shape="rect" href="$classWt_1_1WTreeView.html" title="A view class that displays a model as a tree or tree table." alt="" coords="961,912,1071,941">
<area shape="rect" href="$classWt_1_1WMessageBox.html" title="A standard dialog for confirmation or to get simple user input." alt="" coords="949,1045,1083,1075">
<area shape="rect" href="$classWt_1_1WTreeTableNode.html" title="A specialized tree node which allows additional data to be associated with each node..." alt="" coords="944,1685,1088,1715">
<area shape="rect" href="$classWt_1_1Ext_1_1Widget.html" title="An abstract base class for all Ext widgets." alt="" coords="693,219,805,248">
<area shape="rect" href="$classWt_1_1WBreak.html" title="A widget that provides a line break between inline widgets." alt="" coords="704,272,795,301">
<area shape="rect" href="$classWt_1_1WFileUpload.html" title="A widget that allows a file to be uploaded." alt="" coords="691,325,808,355">
<area shape="rect" href="$classWt_1_1WFlashObject.html" title="A widget that renders a Flash object (also known as Flash movie)." alt="" coords="685,379,813,408">
<area shape="rect" href="$classWt_1_1WHTML5Media.html" title="Abstract baseclass for HTML5 media elements." alt="" coords="683,432,816,461">
<area shape="rect" href="$classWt_1_1WInteractWidget.html" title="An abstract widget that can receive user&#45;interface interaction." alt="" coords="679,565,820,595">
<area shape="rect" href="$classWt_1_1WScrollArea.html" title="A widget that adds scrolling capabilities to its content." alt="" coords="692,619,807,648">
<area shape="rect" href="$classWt_1_1WViewWidget.html" title="An abstract base class for an MVC view that is rendered using a widget." alt="" coords="687,165,812,195">
<area shape="rect" href="$classWt_1_1Ext_1_1Component.html" title="An abstract base class for widgets that can be visually disabled." alt="" coords="947,165,1085,195">
<area shape="rect" href="$classWt_1_1Ext_1_1Menu.html" title="A menu presented in a popup window." alt="" coords="964,219,1068,248">
<area shape="rect" href="$classWt_1_1Ext_1_1SplitterHandle.html" title="A handle inside a splitter." alt="" coords="939,272,1093,301">
<area shape="rect" href="$classWt_1_1Ext_1_1ToolBar.html" title="A class that represents a tool bar (or a menu bar)." alt="" coords="957,112,1075,141">
<area shape="rect" href="$classWt_1_1Ext_1_1AbstractButton.html" title="Abstract base class for a (toolbar) button or menu item." alt="" coords="1197,85,1357,115">
<area shape="rect" href="$classWt_1_1Ext_1_1Calendar.html" title="A calendar." alt="" coords="1216,139,1339,168">
<area shape="rect" href="$classWt_1_1Ext_1_1Container.html" title="A container class which manages its contents using layout managers." alt="" coords="1213,192,1341,221">
<area shape="rect" href="$classWt_1_1Ext_1_1FormField.html" title="An abstract base class for form fields." alt="" coords="1212,245,1343,275">
<area shape="rect" href="$classWt_1_1Ext_1_1Button.html" title="A button." alt="" coords="1468,32,1580,61">
<area shape="rect" href="$classWt_1_1Ext_1_1MenuItem.html" title="An item in a menu." alt="" coords="1459,85,1589,115">
<area shape="rect" href="$classWt_1_1Ext_1_1Panel.html" title="A container with a title and standard GUI elements." alt="" coords="1472,139,1576,168">
<area shape="rect" href="$classWt_1_1Ext_1_1Dialog.html" title="A dialog emulates a modal window that blocks the user&#45;interface." alt="" coords="1691,32,1800,61">
<area shape="rect" href="$classWt_1_1Ext_1_1TableView.html" title="A widget that displays data in a table." alt="" coords="1680,85,1811,115">
<area shape="rect" href="$classWt_1_1Ext_1_1TabWidget.html" title="A widget that organizes contents in tab panes." alt="" coords="1679,139,1812,168">
<area shape="rect" href="$classWt_1_1Ext_1_1MessageBox.html" title="A standard dialog for confirmation or to get simple user input." alt="" coords="1867,32,2016,61">
<area shape="rect" href="$classWt_1_1Ext_1_1ProgressDialog.html" title="A standard dialog to inform the user of progress during a time consuming task." alt="" coords="2065,32,2225,61">
<area shape="rect" href="$classWt_1_1Ext_1_1AbstractToggleButton.html" title="Abstract base class for radio button and check box." alt="" coords="1425,245,1623,275">
<area shape="rect" href="$classWt_1_1Ext_1_1LineEdit.html" title="A line edit." alt="" coords="1464,299,1584,328">
<area shape="rect" href="$classWt_1_1Ext_1_1TextEdit.html" title="A rich&#45;text editor." alt="" coords="1464,192,1584,221">
<area shape="rect" href="$classWt_1_1Ext_1_1CheckBox.html" title="A user control that represents a check box." alt="" coords="1679,192,1812,221">
<area shape="rect" href="$classWt_1_1Ext_1_1RadioButton.html" title="A user control that represents a radio button." alt="" coords="1673,245,1817,275">
<area shape="rect" href="$classWt_1_1Ext_1_1ComboBox.html" title="A widget that provides a drop&#45;down combo&#45;box control." alt="" coords="1677,299,1813,328">
<area shape="rect" href="$classWt_1_1Ext_1_1DateField.html" title="A form field for conveniently editing a date using a calendar popup." alt="" coords="1681,352,1809,381">
<area shape="rect" href="$classWt_1_1Ext_1_1NumberField.html" title="A form field for editing a number." alt="" coords="1672,405,1819,435">
<area shape="rect" href="$classWt_1_1Ext_1_1PagingToolBar.html" title="A tool bar that provides paging controls for supporting large data sets in a table..." alt="" coords="1200,32,1355,61">
<area shape="rect" href="$classWt_1_1WHTML5Audio.html" title="A widget that plays audio using the HTML5 audio element." alt="" coords="951,325,1081,355">
<area shape="rect" href="$classWt_1_1WHTML5Video.html" title="A widget that renders video using the HTML5 video element." alt="" coords="951,379,1081,408">
<area shape="rect" href="$classWt_1_1WContainerWidget.html" title="A widget that holds and manages child widgets." alt="" coords="940,752,1092,781">
<area shape="rect" href="$classWt_1_1WFormWidget.html" title="An abstract widget that corresponds to an HTML form element." alt="" coords="952,432,1080,461">
<area shape="rect" href="$classWt_1_1WImage.html" title="A widget that displays an image." alt="" coords="969,805,1063,835">
<area shape="rect" href="$classWt_1_1WLabel.html" title="A label for a form field." alt="" coords="972,859,1060,888">
<area shape="rect" href="$classWt_1_1WPaintedWidget.html" title="A widget that is painted using vector graphics." alt="" coords="947,485,1085,515">
<area shape="rect" href="$classWt_1_1WTable.html" title="A container widget which provides layout of children in a table grid." alt="" coords="972,592,1060,621">
<area shape="rect" href="$classWt_1_1WTemplate.html" title="A widget that renders an XHTML template." alt="" coords="961,645,1071,675">
<area shape="rect" href="$classWt_1_1WText.html" title="A widget that renders (XHTML) text." alt="" coords="975,539,1057,568">
<area shape="rect" href="$classWt_1_1Ext_1_1Splitter.html" title="A container widget with resize handles between its children." alt="" coords="1220,779,1335,808">
<area shape="rect" href="$classWt_1_1WAnchor.html" title="A widget that represents an HTML anchor (to link to other documents)." alt="" coords="1229,832,1325,861">
<area shape="rect" href="$classWt_1_1WGroupBox.html" title="A widget which group widgets into a frame with a title." alt="" coords="1220,885,1335,915">
<area shape="rect" href="$classWt_1_1WStackedWidget.html" title="A container widget that stacks its widgets on top of each other." alt="" coords="1205,939,1349,968">
<area shape="rect" href="$classWt_1_1WTableCell.html" title="A container widget that represents a cell in a table." alt="" coords="1223,725,1332,755">
<area shape="rect" href="$classWt_1_1WAbstractToggleButton.html" title="An abstract base class for radio buttons and check boxes." alt="" coords="1187,459,1368,488">
<area shape="rect" href="$classWt_1_1WComboBox.html" title="A widget that provides a drop&#45;down combo&#45;box control." alt="" coords="1217,512,1337,541">
<area shape="rect" href="$classWt_1_1WLineEdit.html" title="A widget that provides a single line edit." alt="" coords="1225,299,1329,328">
<area shape="rect" href="$classWt_1_1WPushButton.html" title="A widget that represents a push button." alt="" coords="1216,352,1339,381">
<area shape="rect" href="$classWt_1_1WTextArea.html" title="A widget that provides a multi&#45;line edit." alt="" coords="1223,405,1332,435">
<area shape="rect" href="$classWt_1_1WCheckBox.html" title="A user control that represents a check box." alt="" coords="1467,405,1581,435">
<area shape="rect" href="$classWt_1_1WRadioButton.html" title="A user control that represents a radio button." alt="" coords="1460,459,1588,488">
<area shape="rect" href="$classWt_1_1WSelectionBox.html" title="A selection box allows selection from a list of options." alt="" coords="1457,512,1591,541">
<area shape="rect" href="$classWt_1_1WTextEdit.html" title="A rich&#45;text XHTML editor." alt="" coords="1472,352,1576,381">
<area shape="rect" href="$classWt_1_1Chart_1_1WAbstractChart.html" title="Abstract base class for MVC&#45;based charts." alt="" coords="1189,565,1365,595">
<area shape="rect" href="$classWt_1_1Chart_1_1WCartesianChart.html" title="A cartesian chart." alt="" coords="1433,565,1615,595">
<area shape="rect" href="$classWt_1_1Chart_1_1WPieChart.html" title="A pie chart." alt="" coords="1451,619,1597,648">
<area shape="rect" href="$classWt_1_1WStaticModelView.html" title="A widget that implements a view for a non&#45;changing model." alt="" coords="901,59,1131,88">
<area shape="rect" href="$classWt_1_1WPaintDevice.html" title="The abstract base class for a paint device." alt="" coords="7,2589,132,2619">
<area shape="rect" href="$classWt_1_1WVectorImage.html" title="An abstract paint device for rendering using native vector graphics." alt="" coords="212,2667,343,2696">
<area shape="rect" href="$classWt_1_1WVmlImage.html" title="A paint device for rendering using the VML pseudo&#45;standard." alt="" coords="452,2669,567,2699">
